// Jest Snapshot v1, https://goo.gl/fbAQLP

exports[`<Logo /> renders correctly 1`] = `
<Link
  href="/"
>
  <img
    alt="Radio Revolt Logo"
    className="logo"
    src="/assets/RR_logo.png"
  />
</Link>
`;
