// Jest Snapshot v1, https://goo.gl/fbAQLP

exports[`<LoadPostsButton /> renders correctly 1`] = `
<button
  className="loadMore"
  onClick={[MockFunction]}
>
  Last inn flere artikler
  <img
    alt="Pointing arrow"
    className="arrow"
    src="/assets/arrow_down.svg"
  />
</button>
`;
