// Jest Snapshot v1, https://goo.gl/fbAQLP

exports[`<NavDrawer /> renders correctly 1`] = `
<Route>
  <Component />
</Route>
`;
