// Jest Snapshot v1, https://goo.gl/fbAQLP

exports[`<ScrollToTop /> renders correctly 1`] = `
Array [
  <div
    key="1"
  />,
]
`;
