// Jest Snapshot v1, https://goo.gl/fbAQLP

exports[`<Header /> renders correctly 1`] = `
<header
  className="header"
>
  <div
    className="headerContent"
  >
    <LeftHeader />
    <Logo />
    <RightHeader />
  </div>
</header>
`;
