// Jest Snapshot v1, https://goo.gl/fbAQLP

exports[`<Loader /> renders correctly 1`] = `
<div
  className="loading"
>
  <onlyUpdateForKeys(Loader)
    color="#ECB61C"
    height={35}
    loading={true}
    margin="2px"
    radius={2}
    width={4}
  />
</div>
`;
